Archive member included because of file (symbol)

c:/program files (x86)/atmel/atmel studio 6.0/extensions/atmel/avrgcc/3.4.0.65/avrtoolchain/bin/../lib/gcc/avr/4.6.2/avr35\libgcc.a(_exit.o)
                              c:/program files (x86)/atmel/atmel studio 6.0/extensions/atmel/avrgcc/3.4.0.65/avrtoolchain/bin/../lib/gcc/avr/4.6.2/../../../../avr/lib/avr35/crtm8u2.o (exit)
c:/program files (x86)/atmel/atmel studio 6.0/extensions/atmel/avrgcc/3.4.0.65/avrtoolchain/bin/../lib/gcc/avr/4.6.2/avr35\libgcc.a(_copy_data.o)
                              UnoJoy.o (__do_copy_data)
c:/program files (x86)/atmel/atmel studio 6.0/extensions/atmel/avrgcc/3.4.0.65/avrtoolchain/bin/../lib/gcc/avr/4.6.2/avr35\libgcc.a(_clear_bss.o)
                              UnoJoy.o (__do_clear_bss)
c:/program files (x86)/atmel/atmel studio 6.0/extensions/atmel/avrgcc/3.4.0.65/avrtoolchain/bin/../lib/gcc/avr/4.6.2/../../../../avr/lib/avr35\libc.a(memcpy_P.o)
                              usb_gamepad.o (memcpy_P)

Allocating common symbols
Common symbol       size              file

gamepad_state       0x13              usb_gamepad.o

Memory Configuration

Name             Origin             Length             Attributes
text             0x00000000         0x00010000         xr
data             0x00800060         0x0000ffa0         rw !x
eeprom           0x00810000         0x00010000         rw !x
fuse             0x00820000         0x00000400         rw !x
lock             0x00830000         0x00000400         rw !x
signature        0x00840000         0x00000400         rw !x
*default*        0x00000000         0xffffffff

Linker script and memory map

Address of section .data set to 0x800100
LOAD c:/program files (x86)/atmel/atmel studio 6.0/extensions/atmel/avrgcc/3.4.0.65/avrtoolchain/bin/../lib/gcc/avr/4.6.2/../../../../avr/lib/avr35/crtm8u2.o
LOAD UnoJoy.o
LOAD usb_gamepad.o
START GROUP
LOAD c:/program files (x86)/atmel/atmel studio 6.0/extensions/atmel/avrgcc/3.4.0.65/avrtoolchain/bin/../lib/gcc/avr/4.6.2/../../../../avr/lib/avr35\libm.a
END GROUP
LOAD c:/program files (x86)/atmel/atmel studio 6.0/extensions/atmel/avrgcc/3.4.0.65/avrtoolchain/bin/../lib/gcc/avr/4.6.2/avr35\libgcc.a
LOAD c:/program files (x86)/atmel/atmel studio 6.0/extensions/atmel/avrgcc/3.4.0.65/avrtoolchain/bin/../lib/gcc/avr/4.6.2/../../../../avr/lib/avr35\libc.a
LOAD c:/program files (x86)/atmel/atmel studio 6.0/extensions/atmel/avrgcc/3.4.0.65/avrtoolchain/bin/../lib/gcc/avr/4.6.2/avr35\libgcc.a

.hash
 *(.hash)

.dynsym
 *(.dynsym)

.dynstr
 *(.dynstr)

.gnu.version
 *(.gnu.version)

.gnu.version_d
 *(.gnu.version_d)

.gnu.version_r
 *(.gnu.version_r)

.rel.init
 *(.rel.init)

.rela.init
 *(.rela.init)

.rel.text
 *(.rel.text)
 *(.rel.text.*)
 *(.rel.gnu.linkonce.t*)

.rela.text
 *(.rela.text)
 *(.rela.text.*)
 *(.rela.gnu.linkonce.t*)

.rel.fini
 *(.rel.fini)

.rela.fini
 *(.rela.fini)

.rel.rodata
 *(.rel.rodata)
 *(.rel.rodata.*)
 *(.rel.gnu.linkonce.r*)

.rela.rodata
 *(.rela.rodata)
 *(.rela.rodata.*)
 *(.rela.gnu.linkonce.r*)

.rel.data
 *(.rel.data)
 *(.rel.data.*)
 *(.rel.gnu.linkonce.d*)

.rela.data
 *(.rela.data)
 *(.rela.data.*)
 *(.rela.gnu.linkonce.d*)

.rel.ctors
 *(.rel.ctors)

.rela.ctors
 *(.rela.ctors)

.rel.dtors
 *(.rel.dtors)

.rela.dtors
 *(.rela.dtors)

.rel.got
 *(.rel.got)

.rela.got
 *(.rela.got)

.rel.bss
 *(.rel.bss)

.rela.bss
 *(.rela.bss)

.rel.plt
 *(.rel.plt)

.rela.plt
 *(.rela.plt)

.text           0x00000000      0xa6e
 *(.vectors)
 .vectors       0x00000000       0x98 c:/program files (x86)/atmel/atmel studio 6.0/extensions/atmel/avrgcc/3.4.0.65/avrtoolchain/bin/../lib/gcc/avr/4.6.2/../../../../avr/lib/avr35/crtm8u2.o
                0x00000000                __vector_default
                0x00000000                __vectors
 *(.vectors)
 *(.progmem.gcc*)
 *(.progmem*)
 .progmem.data  0x00000098      0x166 usb_gamepad.o
                0x000001fe                . = ALIGN (0x2)
                0x000001fe                __trampolines_start = .
 *(.trampolines)
 .trampolines   0x000001fe        0x0 linker stubs
 *(.trampolines*)
                0x000001fe                __trampolines_end = .
 *(.jumptables)
 *(.jumptables*)
 *(.lowtext)
 *(.lowtext*)
                0x000001fe                __ctors_start = .
 *(.ctors)
                0x000001fe                __ctors_end = .
                0x000001fe                __dtors_start = .
 *(.dtors)
                0x000001fe                __dtors_end = .
 SORT(*)(.ctors)
 SORT(*)(.dtors)
 *(.init0)
 .init0         0x000001fe        0x0 c:/program files (x86)/atmel/atmel studio 6.0/extensions/atmel/avrgcc/3.4.0.65/avrtoolchain/bin/../lib/gcc/avr/4.6.2/../../../../avr/lib/avr35/crtm8u2.o
                0x000001fe                __init
 *(.init0)
 *(.init1)
 *(.init1)
 *(.init2)
 .init2         0x000001fe        0xc c:/program files (x86)/atmel/atmel studio 6.0/extensions/atmel/avrgcc/3.4.0.65/avrtoolchain/bin/../lib/gcc/avr/4.6.2/../../../../avr/lib/avr35/crtm8u2.o
 *(.init2)
 *(.init3)
 *(.init3)
 *(.init4)
 .init4         0x0000020a       0x16 c:/program files (x86)/atmel/atmel studio 6.0/extensions/atmel/avrgcc/3.4.0.65/avrtoolchain/bin/../lib/gcc/avr/4.6.2/avr35\libgcc.a(_copy_data.o)
                0x0000020a                __do_copy_data
 .init4         0x00000220       0x10 c:/program files (x86)/atmel/atmel studio 6.0/extensions/atmel/avrgcc/3.4.0.65/avrtoolchain/bin/../lib/gcc/avr/4.6.2/avr35\libgcc.a(_clear_bss.o)
                0x00000220                __do_clear_bss
 *(.init4)
 *(.init5)
 *(.init5)
 *(.init6)
 *(.init6)
 *(.init7)
 *(.init7)
 *(.init8)
 *(.init8)
 *(.init9)
 .init9         0x00000230        0x8 c:/program files (x86)/atmel/atmel studio 6.0/extensions/atmel/avrgcc/3.4.0.65/avrtoolchain/bin/../lib/gcc/avr/4.6.2/../../../../avr/lib/avr35/crtm8u2.o
 *(.init9)
 *(.text)
 .text          0x00000238        0x4 c:/program files (x86)/atmel/atmel studio 6.0/extensions/atmel/avrgcc/3.4.0.65/avrtoolchain/bin/../lib/gcc/avr/4.6.2/../../../../avr/lib/avr35/crtm8u2.o
                0x00000238                __vector_22
                0x00000238                __vector_28
                0x00000238                __vector_1
                0x00000238                __vector_32
                0x00000238                __vector_34
                0x00000238                __vector_24
                0x00000238                __bad_interrupt
                0x00000238                __vector_6
                0x00000238                __vector_31
                0x00000238                __vector_35
                0x00000238                __vector_3
                0x00000238                __vector_23
                0x00000238                __vector_30
                0x00000238                __vector_25
                0x00000238                __vector_13
                0x00000238                __vector_17
                0x00000238                __vector_19
                0x00000238                __vector_7
                0x00000238                __vector_27
                0x00000238                __vector_5
                0x00000238                __vector_33
                0x00000238                __vector_37
                0x00000238                __vector_4
                0x00000238                __vector_9
                0x00000238                __vector_2
                0x00000238                __vector_21
                0x00000238                __vector_15
                0x00000238                __vector_36
                0x00000238                __vector_29
                0x00000238                __vector_8
                0x00000238                __vector_26
                0x00000238                __vector_14
                0x00000238                __vector_10
                0x00000238                __vector_16
                0x00000238                __vector_18
                0x00000238                __vector_20
 .text          0x0000023c       0xce UnoJoy.o
                0x0000023c                setControllersToZero
                0x00000284                USART_Init
                0x0000029a                serialRead
                0x000002be                serialWrite
                0x000002cc                LEDon
                0x000002ea                LEDoff
 .text          0x0000030a      0x55c usb_gamepad.o
                0x00000314                usb_init
                0x0000035e                usb_configured
                0x00000364                usb_gamepad_reset_state
                0x00000376                usb_gamepad_send
                0x000003da                sendPS3Data
                0x000005c8                __vector_11
                0x0000060a                __vector_12
 .text          0x00000866        0x0 c:/program files (x86)/atmel/atmel studio 6.0/extensions/atmel/avrgcc/3.4.0.65/avrtoolchain/bin/../lib/gcc/avr/4.6.2/avr35\libgcc.a(_exit.o)
 .text          0x00000866        0x0 c:/program files (x86)/atmel/atmel studio 6.0/extensions/atmel/avrgcc/3.4.0.65/avrtoolchain/bin/../lib/gcc/avr/4.6.2/avr35\libgcc.a(_copy_data.o)
 .text          0x00000866        0x0 c:/program files (x86)/atmel/atmel studio 6.0/extensions/atmel/avrgcc/3.4.0.65/avrtoolchain/bin/../lib/gcc/avr/4.6.2/avr35\libgcc.a(_clear_bss.o)
 .text          0x00000866        0x0 c:/program files (x86)/atmel/atmel studio 6.0/extensions/atmel/avrgcc/3.4.0.65/avrtoolchain/bin/../lib/gcc/avr/4.6.2/../../../../avr/lib/avr35\libc.a(memcpy_P.o)
                0x00000866                . = ALIGN (0x2)
 *(.text.*)
 .text.startup  0x00000866      0x1f2 UnoJoy.o
                0x00000866                main
 .text.libgcc   0x00000a58        0x0 c:/program files (x86)/atmel/atmel studio 6.0/extensions/atmel/avrgcc/3.4.0.65/avrtoolchain/bin/../lib/gcc/avr/4.6.2/avr35\libgcc.a(_exit.o)
 .text.libgcc   0x00000a58        0x0 c:/program files (x86)/atmel/atmel studio 6.0/extensions/atmel/avrgcc/3.4.0.65/avrtoolchain/bin/../lib/gcc/avr/4.6.2/avr35\libgcc.a(_copy_data.o)
 .text.libgcc   0x00000a58        0x0 c:/program files (x86)/atmel/atmel studio 6.0/extensions/atmel/avrgcc/3.4.0.65/avrtoolchain/bin/../lib/gcc/avr/4.6.2/avr35\libgcc.a(_clear_bss.o)
 .text.avr-libc
                0x00000a58       0x12 c:/program files (x86)/atmel/atmel studio 6.0/extensions/atmel/avrgcc/3.4.0.65/avrtoolchain/bin/../lib/gcc/avr/4.6.2/../../../../avr/lib/avr35\libc.a(memcpy_P.o)
                0x00000a58                memcpy_P
                0x00000a6a                . = ALIGN (0x2)
 *(.fini9)
 .fini9         0x00000a6a        0x0 c:/program files (x86)/atmel/atmel studio 6.0/extensions/atmel/avrgcc/3.4.0.65/avrtoolchain/bin/../lib/gcc/avr/4.6.2/avr35\libgcc.a(_exit.o)
                0x00000a6a                _exit
                0x00000a6a                exit
 *(.fini9)
 *(.fini8)
 *(.fini8)
 *(.fini7)
 *(.fini7)
 *(.fini6)
 *(.fini6)
 *(.fini5)
 *(.fini5)
 *(.fini4)
 *(.fini4)
 *(.fini3)
 *(.fini3)
 *(.fini2)
 *(.fini2)
 *(.fini1)
 *(.fini1)
 *(.fini0)
 .fini0         0x00000a6a        0x4 c:/program files (x86)/atmel/atmel studio 6.0/extensions/atmel/avrgcc/3.4.0.65/avrtoolchain/bin/../lib/gcc/avr/4.6.2/avr35\libgcc.a(_exit.o)
 *(.fini0)
                0x00000a6e                _etext = .

.data           0x00800100        0x2 load address 0x00000a6e
                0x00800100                PROVIDE (__data_start, .)
 *(.data)
 .data          0x00800100        0x0 c:/program files (x86)/atmel/atmel studio 6.0/extensions/atmel/avrgcc/3.4.0.65/avrtoolchain/bin/../lib/gcc/avr/4.6.2/../../../../avr/lib/avr35/crtm8u2.o
 .data          0x00800100        0x0 UnoJoy.o
 .data          0x00800100        0x1 usb_gamepad.o
 .data          0x00800101        0x0 c:/program files (x86)/atmel/atmel studio 6.0/extensions/atmel/avrgcc/3.4.0.65/avrtoolchain/bin/../lib/gcc/avr/4.6.2/avr35\libgcc.a(_exit.o)
 .data          0x00800101        0x0 c:/program files (x86)/atmel/atmel studio 6.0/extensions/atmel/avrgcc/3.4.0.65/avrtoolchain/bin/../lib/gcc/avr/4.6.2/avr35\libgcc.a(_copy_data.o)
 .data          0x00800101        0x0 c:/program files (x86)/atmel/atmel studio 6.0/extensions/atmel/avrgcc/3.4.0.65/avrtoolchain/bin/../lib/gcc/avr/4.6.2/avr35\libgcc.a(_clear_bss.o)
 .data          0x00800101        0x0 c:/program files (x86)/atmel/atmel studio 6.0/extensions/atmel/avrgcc/3.4.0.65/avrtoolchain/bin/../lib/gcc/avr/4.6.2/../../../../avr/lib/avr35\libc.a(memcpy_P.o)
 *(.data*)
 *(.rodata)
 *(.rodata*)
 *(.gnu.linkonce.d*)
                0x00800102                . = ALIGN (0x2)
 *fill*         0x00800101        0x1 00
                0x00800102                _edata = .
                0x00800102                PROVIDE (__data_end, .)

.bss            0x00800102       0x15
                0x00800102                PROVIDE (__bss_start, .)
 *(.bss)
 .bss           0x00800102        0x0 c:/program files (x86)/atmel/atmel studio 6.0/extensions/atmel/avrgcc/3.4.0.65/avrtoolchain/bin/../lib/gcc/avr/4.6.2/../../../../avr/lib/avr35/crtm8u2.o
 .bss           0x00800102        0x0 UnoJoy.o
 .bss           0x00800102        0x2 usb_gamepad.o
 .bss           0x00800104        0x0 c:/program files (x86)/atmel/atmel studio 6.0/extensions/atmel/avrgcc/3.4.0.65/avrtoolchain/bin/../lib/gcc/avr/4.6.2/avr35\libgcc.a(_exit.o)
 .bss           0x00800104        0x0 c:/program files (x86)/atmel/atmel studio 6.0/extensions/atmel/avrgcc/3.4.0.65/avrtoolchain/bin/../lib/gcc/avr/4.6.2/avr35\libgcc.a(_copy_data.o)
 .bss           0x00800104        0x0 c:/program files (x86)/atmel/atmel studio 6.0/extensions/atmel/avrgcc/3.4.0.65/avrtoolchain/bin/../lib/gcc/avr/4.6.2/avr35\libgcc.a(_clear_bss.o)
 .bss           0x00800104        0x0 c:/program files (x86)/atmel/atmel studio 6.0/extensions/atmel/avrgcc/3.4.0.65/avrtoolchain/bin/../lib/gcc/avr/4.6.2/../../../../avr/lib/avr35\libc.a(memcpy_P.o)
 *(.bss*)
 *(COMMON)
 COMMON         0x00800104       0x13 usb_gamepad.o
                0x00800104                gamepad_state
                0x00800117                PROVIDE (__bss_end, .)
                0x00000a6e                __data_load_start = LOADADDR (.data)
                0x00000a70                __data_load_end = (__data_load_start + SIZEOF (.data))

.noinit         0x00800117        0x0
                0x00800117                PROVIDE (__noinit_start, .)
 *(.noinit*)
                0x00800117                PROVIDE (__noinit_end, .)
                0x00800117                _end = .
                0x00800117                PROVIDE (__heap_start, .)

.eeprom         0x00810000        0x0
 *(.eeprom*)
                0x00810000                __eeprom_end = .

.fuse
 *(.fuse)
 *(.lfuse)
 *(.hfuse)
 *(.efuse)

.lock
 *(.lock*)

.signature
 *(.signature*)

.stab           0x00000000      0x750
 *(.stab)
 .stab          0x00000000      0x6cc c:/program files (x86)/atmel/atmel studio 6.0/extensions/atmel/avrgcc/3.4.0.65/avrtoolchain/bin/../lib/gcc/avr/4.6.2/../../../../avr/lib/avr35/crtm8u2.o
 .stab          0x000006cc       0x84 c:/program files (x86)/atmel/atmel studio 6.0/extensions/atmel/avrgcc/3.4.0.65/avrtoolchain/bin/../lib/gcc/avr/4.6.2/../../../../avr/lib/avr35\libc.a(memcpy_P.o)
                                 0x90 (size before relaxing)

.stabstr        0x00000000       0xeb
 *(.stabstr)
 .stabstr       0x00000000       0xeb c:/program files (x86)/atmel/atmel studio 6.0/extensions/atmel/avrgcc/3.4.0.65/avrtoolchain/bin/../lib/gcc/avr/4.6.2/../../../../avr/lib/avr35/crtm8u2.o

.stab.excl
 *(.stab.excl)

.stab.exclstr
 *(.stab.exclstr)

.stab.index
 *(.stab.index)

.stab.indexstr
 *(.stab.indexstr)

.comment
 *(.comment)

.debug
 *(.debug)

.line
 *(.line)

.debug_srcinfo
 *(.debug_srcinfo)

.debug_sfnames
 *(.debug_sfnames)

.debug_aranges  0x00000000       0xa8
 *(.debug_aranges)
 .debug_aranges
                0x00000000       0x28 UnoJoy.o
 .debug_aranges
                0x00000028       0x20 usb_gamepad.o
 .debug_aranges
                0x00000048       0x20 c:/program files (x86)/atmel/atmel studio 6.0/extensions/atmel/avrgcc/3.4.0.65/avrtoolchain/bin/../lib/gcc/avr/4.6.2/avr35\libgcc.a(_exit.o)
 .debug_aranges
                0x00000068       0x20 c:/program files (x86)/atmel/atmel studio 6.0/extensions/atmel/avrgcc/3.4.0.65/avrtoolchain/bin/../lib/gcc/avr/4.6.2/avr35\libgcc.a(_copy_data.o)
 .debug_aranges
                0x00000088       0x20 c:/program files (x86)/atmel/atmel studio 6.0/extensions/atmel/avrgcc/3.4.0.65/avrtoolchain/bin/../lib/gcc/avr/4.6.2/avr35\libgcc.a(_clear_bss.o)

.debug_pubnames
 *(.debug_pubnames)

.debug_info     0x00000000     0x1205
 *(.debug_info)
 .debug_info    0x00000000      0x4a2 UnoJoy.o
 .debug_info    0x000004a2      0xac9 usb_gamepad.o
 .debug_info    0x00000f6b       0xde c:/program files (x86)/atmel/atmel studio 6.0/extensions/atmel/avrgcc/3.4.0.65/avrtoolchain/bin/../lib/gcc/avr/4.6.2/avr35\libgcc.a(_exit.o)
 .debug_info    0x00001049       0xde c:/program files (x86)/atmel/atmel studio 6.0/extensions/atmel/avrgcc/3.4.0.65/avrtoolchain/bin/../lib/gcc/avr/4.6.2/avr35\libgcc.a(_copy_data.o)
 .debug_info    0x00001127       0xde c:/program files (x86)/atmel/atmel studio 6.0/extensions/atmel/avrgcc/3.4.0.65/avrtoolchain/bin/../lib/gcc/avr/4.6.2/avr35\libgcc.a(_clear_bss.o)
 *(.gnu.linkonce.wi.*)

.debug_abbrev   0x00000000      0x46a
 *(.debug_abbrev)
 .debug_abbrev  0x00000000      0x1ac UnoJoy.o
 .debug_abbrev  0x000001ac      0x282 usb_gamepad.o
 .debug_abbrev  0x0000042e       0x14 c:/program files (x86)/atmel/atmel studio 6.0/extensions/atmel/avrgcc/3.4.0.65/avrtoolchain/bin/../lib/gcc/avr/4.6.2/avr35\libgcc.a(_exit.o)
 .debug_abbrev  0x00000442       0x14 c:/program files (x86)/atmel/atmel studio 6.0/extensions/atmel/avrgcc/3.4.0.65/avrtoolchain/bin/../lib/gcc/avr/4.6.2/avr35\libgcc.a(_copy_data.o)
 .debug_abbrev  0x00000456       0x14 c:/program files (x86)/atmel/atmel studio 6.0/extensions/atmel/avrgcc/3.4.0.65/avrtoolchain/bin/../lib/gcc/avr/4.6.2/avr35\libgcc.a(_clear_bss.o)

.debug_line     0x00000000      0x75e
 *(.debug_line)
 .debug_line    0x00000000      0x2a0 UnoJoy.o
 .debug_line    0x000002a0      0x317 usb_gamepad.o
 .debug_line    0x000005b7       0x88 c:/program files (x86)/atmel/atmel studio 6.0/extensions/atmel/avrgcc/3.4.0.65/avrtoolchain/bin/../lib/gcc/avr/4.6.2/avr35\libgcc.a(_exit.o)
 .debug_line    0x0000063f       0x91 c:/program files (x86)/atmel/atmel studio 6.0/extensions/atmel/avrgcc/3.4.0.65/avrtoolchain/bin/../lib/gcc/avr/4.6.2/avr35\libgcc.a(_copy_data.o)
 .debug_line    0x000006d0       0x8e c:/program files (x86)/atmel/atmel studio 6.0/extensions/atmel/avrgcc/3.4.0.65/avrtoolchain/bin/../lib/gcc/avr/4.6.2/avr35\libgcc.a(_clear_bss.o)

.debug_frame    0x00000000      0x1b0
 *(.debug_frame)
 .debug_frame   0x00000000       0xa4 UnoJoy.o
 .debug_frame   0x000000a4      0x10c usb_gamepad.o

.debug_str      0x00000000      0x5ee
 *(.debug_str)
 .debug_str     0x00000000      0x26d UnoJoy.o
                                0x2a6 (size before relaxing)
 .debug_str     0x0000026d      0x381 usb_gamepad.o
                                0x597 (size before relaxing)

.debug_loc      0x00000000      0xb7f
 *(.debug_loc)
 .debug_loc     0x00000000      0x246 UnoJoy.o
 .debug_loc     0x00000246      0x939 usb_gamepad.o

.debug_macinfo
 *(.debug_macinfo)
OUTPUT(UnoJoy.elf elf32-avr)
LOAD linker stubs

.debug_ranges   0x00000000       0x60
 .debug_ranges  0x00000000       0x18 UnoJoy.o
 .debug_ranges  0x00000018       0x48 usb_gamepad.o
